<html>
<body>
<pre>
<h1>µVision Build Log</h1>
<h2>Tool Versions:</h2>
IDE-Version: ¦ÌVision V5.39.0.0
Copyright (C) 2023 ARM Ltd and ARM Germany GmbH. All rights reserved.
License Information: Zhang Baichuan, IMAU, LIC=76F5U-S3XEV-KPGZY-IT7CC-VHYEJ-JQ86R
 
Tool Versions:
Toolchain:       MDK-ARM Plus  Version: 5.39.0.0
Toolchain Path:  D:\Keil_v5\ARM\ARMCLANG\Bin
C Compiler:      ArmClang.exe V6.21
Assembler:       Armasm.exe V6.21
Linker/Locator:  ArmLink.exe V6.21
Library Manager: ArmAr.exe V6.21
Hex Converter:   FromElf.exe V6.21
CPU DLL:         SARMCM3.DLL V5.39.0.0
Dialog DLL:      DCM.DLL V1.17.5.0
Target DLL:      CMSIS_AGDI.dll V1.33.16.0
Dialog DLL:      TCM.DLL V1.56.4.0
 
<h2>Project:</h2>
C:\Users\zhang\Desktop\VenusMainProgram_STM32H723_FreeRTOS_2024.5.9\VenusMainProgram_STM32H723_FreeRTOS\MDK-ARM\VenusMainProgram_STM32H723_FreeRTOS.uvprojx
Project File Date:  05/11/2024

<h2>Output:</h2>
*** Using Compiler 'V6.21', folder: 'D:\Keil_v5\ARM\ARMCLANG\Bin'
Build target 'VenusMainProgram_STM32H723_FreeRTOS'
compiling chassis_task.c...
linking...
Program Size: Code=46420 RO-data=1388 RW-data=60 ZI-data=22748  
"VenusMainProgram_STM32H723_FreeRTOS\VenusMainProgram_STM32H723_FreeRTOS.axf" - 0 Error(s), 0 Warning(s).

<h2>Software Packages used:</h2>

Package Vendor: ARM
                http://www.keil.com/pack/ARM.CMSIS.5.9.0.pack
                ARM::CMSIS@5.9.0
                CMSIS (Common Microcontroller Software Interface Standard)
   * Component: CORE Version: 5.6.0

Package Vendor: ARM
                https://www.keil.com/pack/ARM.CMSIS-DSP.1.15.0.pack
                ARM::CMSIS-DSP@1.15.0
                CMSIS Embedded Compute Library
   * Component: DSP Variant: Source Version: 1.15.0

Package Vendor: Keil
                https://www.keil.com/pack/Keil.STM32H7xx_DFP.3.1.1.pack
                Keil::STM32H7xx_DFP@3.1.1
                STMicroelectronics STM32H7 Series Device Support and Examples

<h2>Collection of Component include folders:</h2>
  ./RTE/_VenusMainProgram_STM32H723_FreeRTOS
  D:/Keil_v5_Packs/ARM/CMSIS-DSP/1.15.0/Include
  D:/Keil_v5_Packs/ARM/CMSIS-DSP/1.15.0/PrivateInclude
  D:/Keil_v5_Packs/ARM/CMSIS/5.9.0/CMSIS/Core/Include
  D:/Keil_v5_Packs/Keil/STM32H7xx_DFP/3.1.1/Drivers/CMSIS/Device/ST/STM32H7xx/Include

<h2>Collection of Component Files used:</h2>

   * Component: ARM::CMSIS:CORE@5.6.0
      Include file:  CMSIS/Core/Include/tz_context.h

   * Component: ARM::CMSIS:DSP&Source@1.15.0
      Include file:  Include/arm_math.h
      Include file:  Include/arm_common_tables_f16.h
      Include file:  Include/arm_const_structs.h
      Source file:   Source/BasicMathFunctions/BasicMathFunctions.c
      Source file:   Source/BayesFunctions/BayesFunctions.c
      Include file:  Include/arm_math_f16.h
      Include file:  Include/arm_common_tables.h
      Source file:   Source/CommonTables/CommonTables.c
      Source file:   Source/QuaternionMathFunctions/QuaternionMathFunctions.c
      Include file:  Include/arm_const_structs_f16.h
      Source file:   Source/ComplexMathFunctions/ComplexMathFunctions.c
      Source file:   Source/BasicMathFunctions/BasicMathFunctionsF16.c
      Source file:   Source/MatrixFunctions/MatrixFunctionsF16.c
      Source file:   Source/ComplexMathFunctions/ComplexMathFunctionsF16.c
      Source file:   Source/StatisticsFunctions/StatisticsFunctionsF16.c
      Source file:   Source/SupportFunctions/SupportFunctionsF16.c
      Source file:   Source/SupportFunctions/SupportFunctions.c
      Source file:   Source/DistanceFunctions/DistanceFunctionsF16.c
      Source file:   Source/FilteringFunctions/FilteringFunctionsF16.c
      Source file:   Source/BayesFunctions/BayesFunctionsF16.c
      Source file:   Source/TransformFunctions/TransformFunctions.c
      Source file:   Source/SVMFunctions/SVMFunctionsF16.c
      Source file:   Source/FastMathFunctions/FastMathFunctionsF16.c
      Source file:   Source/InterpolationFunctions/InterpolationFunctions.c
      Source file:   Source/InterpolationFunctions/InterpolationFunctionsF16.c
      Source file:   Source/TransformFunctions/TransformFunctionsF16.c
      Source file:   Source/ControllerFunctions/ControllerFunctions.c
      Source file:   Source/DistanceFunctions/DistanceFunctions.c
      Source file:   Source/FilteringFunctions/FilteringFunctions.c
      Source file:   Source/MatrixFunctions/MatrixFunctions.c
      Source file:   Source/StatisticsFunctions/StatisticsFunctions.c
      Source file:   Source/SVMFunctions/SVMFunctions.c
      Source file:   Source/CommonTables/CommonTablesF16.c
      Source file:   Source/FastMathFunctions/FastMathFunctions.c
Build Time Elapsed:  00:00:01
</pre>
</body>
</html>
